This project implements a simple Calculator class following Test-Driven Development (TDD) principles. The calculator supports basic arithmetic operations and methods for summing numbers from different input formats.

Status and logs:

emil2@DESKTOP-MG3GR5J MINGW64 ~/DAT/sem2/tdd-calculator (main)
$ git commit
hint: Waiting for your editor to close the file... unix2dos: converting file C:/Users/emil2/DAT/sem2/tdd-calculator/.git/COMMIT_EDITMSG to DOS format...
dos2unix: converting file C:/Users/emil2/DAT/sem2/tdd-calculator/.git/COMMIT_EDITMSG to Unix format...
[main 91d2cb2] Third commit. Modified and finished README file.
 1 file changed, 1 insertion(+), 1 deletion(-)

emil2@DESKTOP-MG3GR5J MINGW64 ~/DAT/sem2/tdd-calculator (main)
$ git log
commit 91d2cb210f04ee6f48a538fd55f5acf8ce3c9601 (HEAD -> main)
Author: emil2112 <emilkriegel@gmail.com>
Date:   Fri Jan 31 08:54:53 2025 +0100

    Third commit. Modified and finished README file.

commit 1d554b2087598841b2d98613f08b7017ba4b68f0 (featureaddstring)
Author: emil2112 <emilkriegel@gmail.com>
Date:   Fri Jan 31 08:51:32 2025 +0100

    Second commit. Exercise "Calculator 2" finished.

commit ea8eadbd7ae38cf0b72d130cbac3b701391bfa5d (origin/main)
Author: emil2112 <emilkriegel@gmail.com>
Date:   Fri Jan 31 08:12:55 2025 +0100

    First commit for tdd-calculator, includes all files.
